I'm sorry, but errors were detected in your script. Please correct the
errors listed below, and try again.


File "game/script.rpy", line 123: Line is indented, but the preceding say statement statement does not expect a block. Please check this line's indentation. You may have forgotten a colon (:).
    hide gabriel feliz
    ^

Ren'Py Version: Ren'Py 8.5.2.26010301
Sun Jun 14 20:40:54 2026
